<html>
<body>
<pre>
<h1>µVision Build Log</h1>
<h2>Tool Versions:</h2>
IDE-Version: µVision V5.26.2.0
Copyright (C) 2018 ARM Ltd and ARM Germany GmbH. All rights reserved.
License Information: UWB UWB, UWB, LIC=----
 
Tool Versions:
Toolchain:       MDK-Lite  Version: 5.26.2.0
Toolchain Path:  C:\Program Files\Keil\ARM\ARMCC\Bin
C Compiler:      Armcc.exe V5.06 update 6 (build 750)
Assembler:       Armasm.exe V5.06 update 6 (build 750)
Linker/Locator:  ArmLink.exe V5.06 update 6 (build 750)
Library Manager: ArmAr.exe V5.06 update 6 (build 750)
Hex Converter:   FromElf.exe V5.06 update 6 (build 750)
CPU DLL:         SARMCM3.DLL V5.26.2.0
Dialog DLL:      DCM.DLL V1.17.2.0
Target DLL:      UL2CM3.DLL V1.161.6.0
Dialog DLL:      TCM.DLL V1.36.1.0
 
<h2>Project:</h2>
C:\Users\manuss\Documents\mid_point\mid_point_project.uvprojx
Project File Date:  03/14/2023

<h2>Output:</h2>
*** Using Compiler 'V5.06 update 6 (build 750)', folder: 'C:\Program Files\Keil\ARM\ARMCC\Bin'
Build target 'Target 1'
assembling heap.s...
heap.s(44): warning: A1608W: MOV pc,<rn> instruction used, but BX <rn> is preferred
heap.s(63): warning: A1608W: MOV pc,<rn> instruction used, but BX <rn> is preferred
heap.s(158): warning: A1608W: MOV pc,<rn> instruction used, but BX <rn> is preferred
heap.s(183): warning: A1608W: MOV pc,<rn> instruction used, but BX <rn> is preferred
heap.s(278): warning: A1608W: MOV pc,<rn> instruction used, but BX <rn> is preferred
heap.s(280): warning: A1581W: Added 2 bytes of padding at address 0x1c6
linking...
Program Size: Code=2052 RO-data=544 RW-data=8 ZI-data=24672  
".\Objects\mid_point_project.axf" - 0 Error(s), 6 Warning(s).

<h2>Software Packages used:</h2>

Package Vendor: ARM
                http://www.keil.com/pack/ARM.CMSIS.5.8.0.pack
                ARM.CMSIS.5.8.0
                CMSIS (Common Microcontroller Software Interface Standard)
   * Component: CORE Version: 5.5.0

Package Vendor: Keil
                http://www.keil.com/pack/Keil.TM4C_DFP.1.1.0.pack
                Keil.TM4C_DFP.1.1.0
                Texas Instruments Tiva C Series Device Support and Examples
   * Component: Startup Version: 1.0.0

<h2>Collection of Component include folders:</h2>
  .\RTE\_Target_1
  C:\Program Files\Keil\ARM\PACK\ARM\CMSIS\5.8.0\CMSIS\Core\Include
  C:\Program Files\Keil\ARM\PACK\Keil\TM4C_DFP\1.1.0\Device\Include\TM4C129

<h2>Collection of Component Files used:</h2>

   * Component: ARM::CMSIS:CORE:5.5.0

   * Component: Keil::Device:Startup:1.0.0
      Source file:   Device\Source\system_TM4C129.c
      Source file:   Device\Source\ARM\startup_TM4C129.s
      Include file:  Device\Include\TM4C129\TM4C129.h
Build Time Elapsed:  00:00:00
</pre>
</body>
</html>
