Component: ARM Compiler 5.06 update 6 (build 750) Tool: armlink [4d35ed]

==============================================================================

Section Cross References

    main.o(i.main) refers to rt_memcpy_w.o(.text) for __aeabi_memcpy4
    main.o(i.main) refers to stdlib.o(.text) for _strncpy
    main.o(i.main) refers to main.o(.data) for alarmed
    main.o(i.main) refers to main.o(i.sig_handler1) for sig_handler1
    main.o(i.main) refers to main.o(i.sig_handler2) for sig_handler2
    main.o(i.sig_handler1) refers to main.o(.data) for alarmed
    main.o(i.sig_handler2) refers to main.o(.data) for alarmed
    svc.o(.text) refers to timer.o(.text) for _timer_start
    svc.o(.text) refers to heap.o(.text) for _kalloc
    startup_tm4c129.o(HEAP) refers (Special) to heapauxi.o(.text) for __use_two_region_memory
    startup_tm4c129.o(STACK) refers (Special) to heapauxi.o(.text) for __use_two_region_memory
    startup_tm4c129.o(RESET) refers (Special) to heapauxi.o(.text) for __use_two_region_memory
    startup_tm4c129.o(RESET) refers to startup_tm4c129.o(STACK) for __initial_sp
    startup_tm4c129.o(RESET) refers to startup_tm4c129.o(.text) for Reset_Handler
    startup_tm4c129.o(.text) refers (Special) to heapauxi.o(.text) for __use_two_region_memory
    startup_tm4c129.o(.text) refers to startup_tm4c129.o(STACK) for __initial_sp
    startup_tm4c129.o(.text) refers to system_tm4c129.o(i.SystemInit) for SystemInit
    startup_tm4c129.o(.text) refers to svc.o(.text) for _syscall_table_init
    startup_tm4c129.o(.text) refers to heap.o(.text) for _heap_init
    startup_tm4c129.o(.text) refers to timer.o(.text) for _timer_init
    startup_tm4c129.o(.text) refers to __main.o(!!!main) for __main
    startup_tm4c129.o(.text) refers to startup_tm4c129.o(HEAP) for Heap_Mem
    system_tm4c129.o(i.SystemCoreClockUpdate) refers to system_tm4c129.o(.data) for SystemCoreClock
    system_tm4c129.o(i.SystemInit) refers to system_tm4c129.o(.data) for SystemCoreClock
    __main.o(!!!main) refers to __rtentry.o(.ARM.Collect$$rtentry$$00000000) for __rt_entry
    __rtentry.o(.ARM.Collect$$rtentry$$00000000) refers (Special) to __rtentry2.o(.ARM.Collect$$rtentry$$0000000A) for __rt_entry_li
    __rtentry.o(.ARM.Collect$$rtentry$$00000000) refers (Special) to __rtentry2.o(.ARM.Collect$$rtentry$$0000000D) for __rt_entry_main
    __rtentry.o(.ARM.Collect$$rtentry$$00000000) refers (Special) to __rtentry2.o(.ARM.Collect$$rtentry$$0000000C) for __rt_entry_postli_1
    __rtentry.o(.ARM.Collect$$rtentry$$00000000) refers (Special) to __rtentry2.o(.ARM.Collect$$rtentry$$00000009) for __rt_entry_postsh_1
    __rtentry.o(.ARM.Collect$$rtentry$$00000000) refers (Special) to __rtentry2.o(.ARM.Collect$$rtentry$$00000002) for __rt_entry_presh_1
    __rtentry.o(.ARM.Collect$$rtentry$$00000000) refers (Special) to __rtentry4.o(.ARM.Collect$$rtentry$$00000004) for __rt_entry_sh
    __rtentry2.o(.ARM.Collect$$rtentry$$00000008) refers to boardinit2.o(.text) for _platform_post_stackheap_init
    __rtentry2.o(.ARM.Collect$$rtentry$$0000000A) refers to libinit.o(.ARM.Collect$$libinit$$00000000) for __rt_lib_init
    __rtentry2.o(.ARM.Collect$$rtentry$$0000000B) refers to boardinit3.o(.text) for _platform_post_lib_init
    __rtentry2.o(.ARM.Collect$$rtentry$$0000000D) refers to main.o(i.main) for main
    __rtentry2.o(.ARM.Collect$$rtentry$$0000000D) refers to exit.o(.text) for exit
    __rtentry2.o(.ARM.exidx) refers to __rtentry2.o(.ARM.Collect$$rtentry$$00000001) for .ARM.Collect$$rtentry$$00000001
    __rtentry2.o(.ARM.exidx) refers to __rtentry2.o(.ARM.Collect$$rtentry$$00000008) for .ARM.Collect$$rtentry$$00000008
    __rtentry2.o(.ARM.exidx) refers to __rtentry2.o(.ARM.Collect$$rtentry$$0000000A) for .ARM.Collect$$rtentry$$0000000A
    __rtentry2.o(.ARM.exidx) refers to __rtentry2.o(.ARM.Collect$$rtentry$$0000000B) for .ARM.Collect$$rtentry$$0000000B
    __rtentry2.o(.ARM.exidx) refers to __rtentry2.o(.ARM.Collect$$rtentry$$0000000D) for .ARM.Collect$$rtentry$$0000000D
    __rtentry4.o(.ARM.Collect$$rtentry$$00000004) refers to sys_stackheap_outer.o(.text) for __user_setup_stackheap
    __rtentry4.o(.ARM.exidx) refers to __rtentry4.o(.ARM.Collect$$rtentry$$00000004) for .ARM.Collect$$rtentry$$00000004
    sys_stackheap_outer.o(.text) refers to libspace.o(.text) for __user_perproc_libspace
    sys_stackheap_outer.o(.text) refers to startup_tm4c129.o(.text) for __user_initial_stackheap
    exit.o(.text) refers to rtexit.o(.ARM.Collect$$rtexit$$00000000) for __rt_exit
    libinit.o(.ARM.Collect$$libinit$$00000000) refers (Special) to libinit2.o(.ARM.Collect$$libinit$$0000002E) for __rt_lib_init_alloca_1
    libinit.o(.ARM.Collect$$libinit$$00000000) refers (Special) to libinit2.o(.ARM.Collect$$libinit$$0000002C) for __rt_lib_init_argv_1
    libinit.o(.ARM.Collect$$libinit$$00000000) refers (Special) to libinit2.o(.ARM.Collect$$libinit$$0000001B) for __rt_lib_init_atexit_1
    libinit.o(.ARM.Collect$$libinit$$00000000) refers (Special) to libinit2.o(.ARM.Collect$$libinit$$00000021) for __rt_lib_init_clock_1
    libinit.o(.ARM.Collect$$libinit$$00000000) refers (Special) to libinit2.o(.ARM.Collect$$libinit$$00000032) for __rt_lib_init_cpp_1
    libinit.o(.ARM.Collect$$libinit$$00000000) refers (Special) to libinit2.o(.ARM.Collect$$libinit$$00000030) for __rt_lib_init_exceptions_1
    libinit.o(.ARM.Collect$$libinit$$00000000) refers (Special) to libinit2.o(.ARM.Collect$$libinit$$00000001) for __rt_lib_init_fp_1
    libinit.o(.ARM.Collect$$libinit$$00000000) refers (Special) to libinit2.o(.ARM.Collect$$libinit$$0000001F) for __rt_lib_init_fp_trap_1
    libinit.o(.ARM.Collect$$libinit$$00000000) refers (Special) to libinit2.o(.ARM.Collect$$libinit$$00000023) for __rt_lib_init_getenv_1
    libinit.o(.ARM.Collect$$libinit$$00000000) refers (Special) to libinit2.o(.ARM.Collect$$libinit$$0000000A) for __rt_lib_init_heap_1
    libinit.o(.ARM.Collect$$libinit$$00000000) refers (Special) to libinit2.o(.ARM.Collect$$libinit$$00000011) for __rt_lib_init_lc_collate_1
    libinit.o(.ARM.Collect$$libinit$$00000000) refers (Special) to libinit2.o(.ARM.Collect$$libinit$$00000013) for __rt_lib_init_lc_ctype_1
    libinit.o(.ARM.Collect$$libinit$$00000000) refers (Special) to libinit2.o(.ARM.Collect$$libinit$$00000015) for __rt_lib_init_lc_monetary_1
    libinit.o(.ARM.Collect$$libinit$$00000000) refers (Special) to libinit2.o(.ARM.Collect$$libinit$$00000017) for __rt_lib_init_lc_numeric_1
    libinit.o(.ARM.Collect$$libinit$$00000000) refers (Special) to libinit2.o(.ARM.Collect$$libinit$$00000019) for __rt_lib_init_lc_time_1
    libinit.o(.ARM.Collect$$libinit$$00000000) refers (Special) to libinit2.o(.ARM.Collect$$libinit$$00000004) for __rt_lib_init_preinit_1
    libinit.o(.ARM.Collect$$libinit$$00000000) refers (Special) to libinit2.o(.ARM.Collect$$libinit$$0000000E) for __rt_lib_init_rand_1
    libinit.o(.ARM.Collect$$libinit$$00000000) refers (Special) to libinit2.o(.ARM.Collect$$libinit$$00000033) for __rt_lib_init_return
    libinit.o(.ARM.Collect$$libinit$$00000000) refers (Special) to libinit2.o(.ARM.Collect$$libinit$$0000001D) for __rt_lib_init_signal_1
    libinit.o(.ARM.Collect$$libinit$$00000000) refers (Special) to libinit2.o(.ARM.Collect$$libinit$$00000025) for __rt_lib_init_stdio_1
    libinit.o(.ARM.Collect$$libinit$$00000000) refers (Special) to libinit2.o(.ARM.Collect$$libinit$$0000000C) for __rt_lib_init_user_alloc_1
    libspace.o(.text) refers to libspace.o(.bss) for __libspace_start
    rtexit.o(.ARM.Collect$$rtexit$$00000000) refers (Special) to rtexit2.o(.ARM.Collect$$rtexit$$00000004) for __rt_exit_exit
    rtexit.o(.ARM.Collect$$rtexit$$00000000) refers (Special) to rtexit2.o(.ARM.Collect$$rtexit$$00000003) for __rt_exit_ls
    rtexit.o(.ARM.Collect$$rtexit$$00000000) refers (Special) to rtexit2.o(.ARM.Collect$$rtexit$$00000002) for __rt_exit_prels_1
    rtexit.o(.ARM.exidx) refers (Special) to rtexit2.o(.ARM.Collect$$rtexit$$00000004) for __rt_exit_exit
    rtexit.o(.ARM.exidx) refers (Special) to rtexit2.o(.ARM.Collect$$rtexit$$00000003) for __rt_exit_ls
    rtexit.o(.ARM.exidx) refers (Special) to rtexit2.o(.ARM.Collect$$rtexit$$00000002) for __rt_exit_prels_1
    rtexit.o(.ARM.exidx) refers to rtexit.o(.ARM.Collect$$rtexit$$00000000) for .ARM.Collect$$rtexit$$00000000
    libinit2.o(.ARM.Collect$$libinit$$00000001) refers to fpinit.o(x$fpl$fpinit) for _fp_init
    libinit2.o(.ARM.Collect$$libinit$$00000010) refers to libinit2.o(.ARM.Collect$$libinit$$0000000F) for .ARM.Collect$$libinit$$0000000F
    libinit2.o(.ARM.Collect$$libinit$$00000012) refers to libinit2.o(.ARM.Collect$$libinit$$0000000F) for .ARM.Collect$$libinit$$0000000F
    libinit2.o(.ARM.Collect$$libinit$$00000014) refers to libinit2.o(.ARM.Collect$$libinit$$0000000F) for .ARM.Collect$$libinit$$0000000F
    libinit2.o(.ARM.Collect$$libinit$$00000016) refers to libinit2.o(.ARM.Collect$$libinit$$0000000F) for .ARM.Collect$$libinit$$0000000F
    libinit2.o(.ARM.Collect$$libinit$$00000018) refers to libinit2.o(.ARM.Collect$$libinit$$0000000F) for .ARM.Collect$$libinit$$0000000F
    libinit2.o(.ARM.Collect$$libinit$$00000026) refers to argv_veneer.o(.emb_text) for __ARM_argv_veneer
    libinit2.o(.ARM.Collect$$libinit$$00000027) refers to argv_veneer.o(.emb_text) for __ARM_argv_veneer
    rtexit2.o(.ARM.Collect$$rtexit$$00000003) refers to libshutdown.o(.ARM.Collect$$libshutdown$$00000000) for __rt_lib_shutdown
    rtexit2.o(.ARM.Collect$$rtexit$$00000004) refers to sys_exit.o(.text) for _sys_exit
    rtexit2.o(.ARM.exidx) refers to rtexit2.o(.ARM.Collect$$rtexit$$00000001) for .ARM.Collect$$rtexit$$00000001
    rtexit2.o(.ARM.exidx) refers to rtexit2.o(.ARM.Collect$$rtexit$$00000003) for .ARM.Collect$$rtexit$$00000003
    rtexit2.o(.ARM.exidx) refers to rtexit2.o(.ARM.Collect$$rtexit$$00000004) for .ARM.Collect$$rtexit$$00000004
    argv_veneer.o(.emb_text) refers to no_argv.o(.text) for __ARM_get_argv
    sys_exit.o(.text) refers (Special) to use_no_semi.o(.text) for __I$use$semihosting
    sys_exit.o(.text) refers (Special) to indicate_semi.o(.text) for __semihosting_library_function
    _get_argv_nomalloc.o(.text) refers (Special) to hrguard.o(.text) for __heap_region$guard
    _get_argv_nomalloc.o(.text) refers to defsig_rtmem_outer.o(.text) for __rt_SIGRTMEM
    _get_argv_nomalloc.o(.text) refers to sys_command.o(.text) for _sys_command_string
    libshutdown.o(.ARM.Collect$$libshutdown$$00000000) refers (Special) to libshutdown2.o(.ARM.Collect$$libshutdown$$00000002) for __rt_lib_shutdown_cpp_1
    libshutdown.o(.ARM.Collect$$libshutdown$$00000000) refers (Special) to libshutdown2.o(.ARM.Collect$$libshutdown$$00000007) for __rt_lib_shutdown_fp_trap_1
    libshutdown.o(.ARM.Collect$$libshutdown$$00000000) refers (Special) to libshutdown2.o(.ARM.Collect$$libshutdown$$0000000F) for __rt_lib_shutdown_heap_1
    libshutdown.o(.ARM.Collect$$libshutdown$$00000000) refers (Special) to libshutdown2.o(.ARM.Collect$$libshutdown$$00000010) for __rt_lib_shutdown_return
    libshutdown.o(.ARM.Collect$$libshutdown$$00000000) refers (Special) to libshutdown2.o(.ARM.Collect$$libshutdown$$0000000A) for __rt_lib_shutdown_signal_1
    libshutdown.o(.ARM.Collect$$libshutdown$$00000000) refers (Special) to libshutdown2.o(.ARM.Collect$$libshutdown$$00000004) for __rt_lib_shutdown_stdio_1
    libshutdown.o(.ARM.Collect$$libshutdown$$00000000) refers (Special) to libshutdown2.o(.ARM.Collect$$libshutdown$$0000000C) for __rt_lib_shutdown_user_alloc_1
    sys_command.o(.text) refers (Special) to use_no_semi.o(.text) for __I$use$semihosting
    sys_command.o(.text) refers (Special) to indicate_semi.o(.text) for __semihosting_library_function
    defsig_rtmem_outer.o(.text) refers to defsig_rtmem_inner.o(.text) for __rt_SIGRTMEM_inner
    defsig_rtmem_outer.o(.text) refers to defsig_exit.o(.text) for __sig_exit
    defsig_rtmem_formal.o(.text) refers to rt_raise.o(.text) for __rt_raise
    rt_raise.o(.text) refers to __raise.o(.text) for __raise
    rt_raise.o(.text) refers to sys_exit.o(.text) for _sys_exit
    defsig_exit.o(.text) refers to sys_exit.o(.text) for _sys_exit
    defsig_rtmem_inner.o(.text) refers to defsig_general.o(.text) for __default_signal_display
    __raise.o(.text) refers to defsig.o(CL$$defsig) for __default_signal_handler
    defsig_general.o(.text) refers to sys_wrch.o(.text) for _ttywrch
    sys_wrch.o(.text) refers (Special) to use_no_semi.o(.text) for __I$use$semihosting
    sys_wrch.o(.text) refers (Special) to indicate_semi.o(.text) for __semihosting_library_function
    defsig.o(CL$$defsig) refers to defsig_rtmem_inner.o(.text) for __rt_SIGRTMEM_inner
    defsig_abrt_inner.o(.text) refers to defsig_general.o(.text) for __default_signal_display
    defsig_fpe_inner.o(.text) refers to defsig_general.o(.text) for __default_signal_display
    defsig_rtred_inner.o(.text) refers to defsig_general.o(.text) for __default_signal_display
    defsig_stak_inner.o(.text) refers to defsig_general.o(.text) for __default_signal_display
    defsig_pvfn_inner.o(.text) refers to defsig_general.o(.text) for __default_signal_display
    defsig_cppl_inner.o(.text) refers to defsig_general.o(.text) for __default_signal_display
    defsig_segv_inner.o(.text) refers to defsig_general.o(.text) for __default_signal_display
    defsig_other.o(.text) refers to defsig_general.o(.text) for __default_signal_display


==============================================================================

Removing Unused input sections from the image.

    Removing system_tm4c129.o(.rev16_text), (4 bytes).
    Removing system_tm4c129.o(.revsh_text), (4 bytes).
    Removing system_tm4c129.o(.rrx_text), (6 bytes).
    Removing system_tm4c129.o(i.SystemCoreClockUpdate), (16 bytes).

4 unused section(s) (total 30 bytes) removed from the image.

==============================================================================

Image Symbol Table

    Local Symbols

    Symbol Name                              Value     Ov Type        Size  Object(Section)

    RESET                                    0x00000000   Section      512  startup_tm4c129.o(RESET)
    ../clib/angel/boardlib.s                 0x00000000   Number         0  boardshut.o ABSOLUTE
    ../clib/angel/boardlib.s                 0x00000000   Number         0  boardinit1.o ABSOLUTE
    ../clib/angel/boardlib.s                 0x00000000   Number         0  boardinit3.o ABSOLUTE
    ../clib/angel/boardlib.s                 0x00000000   Number         0  boardinit2.o ABSOLUTE
    ../clib/angel/handlers.s                 0x00000000   Number         0  __scatter_zi.o ABSOLUTE
    ../clib/angel/handlers.s                 0x00000000   Number         0  __scatter_copy.o ABSOLUTE
    ../clib/angel/kernel.s                   0x00000000   Number         0  rtexit2.o ABSOLUTE
    ../clib/angel/kernel.s                   0x00000000   Number         0  __rtentry2.o ABSOLUTE
    ../clib/angel/kernel.s                   0x00000000   Number         0  __rtentry4.o ABSOLUTE
    ../clib/angel/kernel.s                   0x00000000   Number         0  rtexit.o ABSOLUTE
    ../clib/angel/kernel.s                   0x00000000   Number         0  __rtentry.o ABSOLUTE
    ../clib/angel/rt.s                       0x00000000   Number         0  rt_raise.o ABSOLUTE
    ../clib/angel/scatter.s                  0x00000000   Number         0  __scatter.o ABSOLUTE
    ../clib/angel/startup.s                  0x00000000   Number         0  __main.o ABSOLUTE
    ../clib/angel/sys.s                      0x00000000   Number         0  use_no_semi.o ABSOLUTE
    ../clib/angel/sys.s                      0x00000000   Number         0  sys_stackheap_outer.o ABSOLUTE
    ../clib/angel/sys.s                      0x00000000   Number         0  indicate_semi.o ABSOLUTE
    ../clib/angel/sys.s                      0x00000000   Number         0  libspace.o ABSOLUTE
    ../clib/angel/sysapp.c                   0x00000000   Number         0  sys_exit.o ABSOLUTE
    ../clib/angel/sysapp.c                   0x00000000   Number         0  sys_wrch.o ABSOLUTE
    ../clib/angel/sysapp.c                   0x00000000   Number         0  sys_command.o ABSOLUTE
    ../clib/armsys.c                         0x00000000   Number         0  argv_veneer.o ABSOLUTE
    ../clib/armsys.c                         0x00000000   Number         0  argv_veneer.o ABSOLUTE
    ../clib/armsys.c                         0x00000000   Number         0  no_argv.o ABSOLUTE
    ../clib/armsys.c                         0x00000000   Number         0  _get_argv_nomalloc.o ABSOLUTE
    ../clib/heapalloc.c                      0x00000000   Number         0  hrguard.o ABSOLUTE
    ../clib/heapaux.c                        0x00000000   Number         0  heapauxi.o ABSOLUTE
    ../clib/libinit.s                        0x00000000   Number         0  libinit2.o ABSOLUTE
    ../clib/libinit.s                        0x00000000   Number         0  libinit.o ABSOLUTE
    ../clib/libinit.s                        0x00000000   Number         0  libshutdown2.o ABSOLUTE
    ../clib/libinit.s                        0x00000000   Number         0  libshutdown.o ABSOLUTE
    ../clib/memcpset.s                       0x00000000   Number         0  rt_memcpy_w.o ABSOLUTE
    ../clib/signal.c                         0x00000000   Number         0  defsig_rtred_inner.o ABSOLUTE
    ../clib/signal.c                         0x00000000   Number         0  defsig_fpe_inner.o ABSOLUTE
    ../clib/signal.c                         0x00000000   Number         0  defsig_abrt_inner.o ABSOLUTE
    ../clib/signal.c                         0x00000000   Number         0  defsig_exit.o ABSOLUTE
    ../clib/signal.c                         0x00000000   Number         0  defsig_other.o ABSOLUTE
    ../clib/signal.c                         0x00000000   Number         0  defsig_rtmem_formal.o ABSOLUTE
    ../clib/signal.c                         0x00000000   Number         0  defsig_rtmem_inner.o ABSOLUTE
    ../clib/signal.c                         0x00000000   Number         0  defsig_general.o ABSOLUTE
    ../clib/signal.c                         0x00000000   Number         0  defsig_rtmem_outer.o ABSOLUTE
    ../clib/signal.c                         0x00000000   Number         0  defsig_segv_inner.o ABSOLUTE
    ../clib/signal.c                         0x00000000   Number         0  defsig_cppl_inner.o ABSOLUTE
    ../clib/signal.c                         0x00000000   Number         0  defsig_pvfn_inner.o ABSOLUTE
    ../clib/signal.c                         0x00000000   Number         0  defsig_stak_inner.o ABSOLUTE
    ../clib/signal.c                         0x00000000   Number         0  __raise.o ABSOLUTE
    ../clib/signal.s                         0x00000000   Number         0  defsig.o ABSOLUTE
    ../clib/stdlib.c                         0x00000000   Number         0  exit.o ABSOLUTE
    ../fplib/fpinit.s                        0x00000000   Number         0  fpinit.o ABSOLUTE
    RTE\Device\TM4C129XNCZAD\startup_TM4C129.s 0x00000000   Number         0  startup_tm4c129.o ABSOLUTE
    RTE\Device\TM4C129XNCZAD\system_TM4C129.c 0x00000000   Number         0  system_tm4c129.o ABSOLUTE
    RTE\\Device\\TM4C129XNCZAD\\system_TM4C129.c 0x00000000   Number         0  system_tm4c129.o ABSOLUTE
    dc.s                                     0x00000000   Number         0  dc.o ABSOLUTE
    heap.s                                   0x00000000   Number         0  heap.o ABSOLUTE
    main.c                                   0x00000000   Number         0  main.o ABSOLUTE
    stdlib.s                                 0x00000000   Number         0  stdlib.o ABSOLUTE
    svc.s                                    0x00000000   Number         0  svc.o ABSOLUTE
    timer.s                                  0x00000000   Number         0  timer.o ABSOLUTE
    !!!main                                  0x00000200   Section        8  __main.o(!!!main)
    !!!scatter                               0x00000208   Section       52  __scatter.o(!!!scatter)
    !!handler_copy                           0x0000023c   Section       26  __scatter_copy.o(!!handler_copy)
    !!handler_zi                             0x00000258   Section       28  __scatter_zi.o(!!handler_zi)
    .ARM.Collect$$libinit$$00000000          0x00000274   Section        2  libinit.o(.ARM.Collect$$libinit$$00000000)
    .ARM.Collect$$libinit$$00000001          0x00000276   Section        4  libinit2.o(.ARM.Collect$$libinit$$00000001)
    .ARM.Collect$$libinit$$00000004          0x0000027a   Section        0  libinit2.o(.ARM.Collect$$libinit$$00000004)
    .ARM.Collect$$libinit$$0000000A          0x0000027a   Section        0  libinit2.o(.ARM.Collect$$libinit$$0000000A)
    .ARM.Collect$$libinit$$0000000C          0x0000027a   Section        0  libinit2.o(.ARM.Collect$$libinit$$0000000C)
    .ARM.Collect$$libinit$$0000000E          0x0000027a   Section        0  libinit2.o(.ARM.Collect$$libinit$$0000000E)
    .ARM.Collect$$libinit$$00000011          0x0000027a   Section        0  libinit2.o(.ARM.Collect$$libinit$$00000011)
    .ARM.Collect$$libinit$$00000013          0x0000027a   Section        0  libinit2.o(.ARM.Collect$$libinit$$00000013)
    .ARM.Collect$$libinit$$00000015          0x0000027a   Section        0  libinit2.o(.ARM.Collect$$libinit$$00000015)
    .ARM.Collect$$libinit$$00000017          0x0000027a   Section        0  libinit2.o(.ARM.Collect$$libinit$$00000017)
    .ARM.Collect$$libinit$$00000019          0x0000027a   Section        0  libinit2.o(.ARM.Collect$$libinit$$00000019)
    .ARM.Collect$$libinit$$0000001B          0x0000027a   Section        0  libinit2.o(.ARM.Collect$$libinit$$0000001B)
    .ARM.Collect$$libinit$$0000001D          0x0000027a   Section        0  libinit2.o(.ARM.Collect$$libinit$$0000001D)
    .ARM.Collect$$libinit$$0000001F          0x0000027a   Section        0  libinit2.o(.ARM.Collect$$libinit$$0000001F)
    .ARM.Collect$$libinit$$00000021          0x0000027a   Section        0  libinit2.o(.ARM.Collect$$libinit$$00000021)
    .ARM.Collect$$libinit$$00000023          0x0000027a   Section        0  libinit2.o(.ARM.Collect$$libinit$$00000023)
    .ARM.Collect$$libinit$$00000025          0x0000027a   Section        0  libinit2.o(.ARM.Collect$$libinit$$00000025)
    .ARM.Collect$$libinit$$0000002C          0x0000027a   Section        0  libinit2.o(.ARM.Collect$$libinit$$0000002C)
    .ARM.Collect$$libinit$$0000002E          0x0000027a   Section        0  libinit2.o(.ARM.Collect$$libinit$$0000002E)
    .ARM.Collect$$libinit$$00000030          0x0000027a   Section        0  libinit2.o(.ARM.Collect$$libinit$$00000030)
    .ARM.Collect$$libinit$$00000032          0x0000027a   Section        0  libinit2.o(.ARM.Collect$$libinit$$00000032)
    .ARM.Collect$$libinit$$00000033          0x0000027a   Section        2  libinit2.o(.ARM.Collect$$libinit$$00000033)
    .ARM.Collect$$libshutdown$$00000000      0x0000027c   Section        2  libshutdown.o(.ARM.Collect$$libshutdown$$00000000)
    .ARM.Collect$$libshutdown$$00000002      0x0000027e   Section        0  libshutdown2.o(.ARM.Collect$$libshutdown$$00000002)
    .ARM.Collect$$libshutdown$$00000004      0x0000027e   Section        0  libshutdown2.o(.ARM.Collect$$libshutdown$$00000004)
    .ARM.Collect$$libshutdown$$00000007      0x0000027e   Section        0  libshutdown2.o(.ARM.Collect$$libshutdown$$00000007)
    .ARM.Collect$$libshutdown$$0000000A      0x0000027e   Section        0  libshutdown2.o(.ARM.Collect$$libshutdown$$0000000A)
    .ARM.Collect$$libshutdown$$0000000C      0x0000027e   Section        0  libshutdown2.o(.ARM.Collect$$libshutdown$$0000000C)
    .ARM.Collect$$libshutdown$$0000000F      0x0000027e   Section        0  libshutdown2.o(.ARM.Collect$$libshutdown$$0000000F)
    .ARM.Collect$$libshutdown$$00000010      0x0000027e   Section        2  libshutdown2.o(.ARM.Collect$$libshutdown$$00000010)
    .ARM.Collect$$rtentry$$00000000          0x00000280   Section        0  __rtentry.o(.ARM.Collect$$rtentry$$00000000)
    .ARM.Collect$$rtentry$$00000002          0x00000280   Section        0  __rtentry2.o(.ARM.Collect$$rtentry$$00000002)
    .ARM.Collect$$rtentry$$00000004          0x00000280   Section        6  __rtentry4.o(.ARM.Collect$$rtentry$$00000004)
    .ARM.Collect$$rtentry$$00000009          0x00000286   Section        0  __rtentry2.o(.ARM.Collect$$rtentry$$00000009)
    .ARM.Collect$$rtentry$$0000000A          0x00000286   Section        4  __rtentry2.o(.ARM.Collect$$rtentry$$0000000A)
    .ARM.Collect$$rtentry$$0000000C          0x0000028a   Section        0  __rtentry2.o(.ARM.Collect$$rtentry$$0000000C)
    .ARM.Collect$$rtentry$$0000000D          0x0000028a   Section        8  __rtentry2.o(.ARM.Collect$$rtentry$$0000000D)
    .ARM.Collect$$rtexit$$00000000           0x00000292   Section        2  rtexit.o(.ARM.Collect$$rtexit$$00000000)
    .ARM.Collect$$rtexit$$00000002           0x00000294   Section        0  rtexit2.o(.ARM.Collect$$rtexit$$00000002)
    .ARM.Collect$$rtexit$$00000003           0x00000294   Section        4  rtexit2.o(.ARM.Collect$$rtexit$$00000003)
    .ARM.Collect$$rtexit$$00000004           0x00000298   Section        6  rtexit2.o(.ARM.Collect$$rtexit$$00000004)
    .text                                    0x000002a0   Section      120  stdlib.o(.text)
    $v0                                      0x000002a0   Number         0  stdlib.o(.text)
    .text                                    0x00000318   Section      136  svc.o(.text)
    $v0                                      0x00000318   Number         0  svc.o(.text)
    .text                                    0x000003a0   Section      468  heap.o(.text)
    $v0                                      0x000003a0   Number         0  heap.o(.text)
    .text                                    0x00000574   Section      144  timer.o(.text)
    $v0                                      0x00000574   Number         0  timer.o(.text)
    .text                                    0x00000604   Section      400  startup_tm4c129.o(.text)
    $v0                                      0x00000604   Number         0  startup_tm4c129.o(.text)
    .text                                    0x00000794   Section      100  rt_memcpy_w.o(.text)
    .text                                    0x000007f8   Section        0  heapauxi.o(.text)
    .text                                    0x000007fe   Section       74  sys_stackheap_outer.o(.text)
    .text                                    0x00000848   Section        0  exit.o(.text)
    .text                                    0x0000085c   Section        8  libspace.o(.text)
    .text                                    0x00000864   Section        0  sys_exit.o(.text)
    .text                                    0x00000870   Section        2  use_no_semi.o(.text)
    .text                                    0x00000872   Section        0  indicate_semi.o(.text)
    i.SystemInit                             0x00000874   Section        0  system_tm4c129.o(i.SystemInit)
    i.main                                   0x00000894   Section        0  main.o(i.main)
    i.sig_handler1                           0x000009d8   Section        0  main.o(i.sig_handler1)
    i.sig_handler2                           0x000009e8   Section        0  main.o(i.sig_handler2)
    x$fpl$fpinit                             0x000009f8   Section       10  fpinit.o(x$fpl$fpinit)
    $v0                                      0x000009f8   Number         0  fpinit.o(x$fpl$fpinit)
    .data                                    0x20000000   Section        4  main.o(.data)
    .data                                    0x20000004   Section        4  system_tm4c129.o(.data)
    .bss                                     0x20000008   Section       96  libspace.o(.bss)
    HEAP                                     0x20000068   Section    20480  startup_tm4c129.o(HEAP)
    Heap_Mem                                 0x20000068   Data       20480  startup_tm4c129.o(HEAP)
    STACK                                    0x20005068   Section     4096  startup_tm4c129.o(STACK)
    Thread_Stack_Mem                         0x20005068   Data        2048  startup_tm4c129.o(STACK)
    __initial_user_sp                        0x20005868   Data           0  startup_tm4c129.o(STACK)
    __initial_sp                             0x20006068   Data           0  startup_tm4c129.o(STACK)

    Global Symbols

    Symbol Name                              Value     Ov Type        Size  Object(Section)

    BuildAttributes$$THM_ISAv4$E$P$D$K$B$S$7EM$VFPi3$EXTD16$VFPS$VFMA$PE$A:L22UL41UL21$X:L11$S22US41US21$IEEE1$IW$USESV6$~STKCKD$USESV7$~SHL$OSPACE$ROPI$EBA8$UX$STANDARDLIB$REQ8$EABIv2 0x00000000   Number         0  anon$$obj.o ABSOLUTE
    __ARM_use_no_argv                        0x00000000   Number         0  main.o ABSOLUTE
    __Vectors                                0x00000000   Data           4  startup_tm4c129.o(RESET)
    __ARM_exceptions_init                     - Undefined Weak Reference
    __alloca_initialize                       - Undefined Weak Reference
    __arm_preinit_                            - Undefined Weak Reference
    __cpp_initialize__aeabi_                  - Undefined Weak Reference
    __cxa_finalize                            - Undefined Weak Reference
    __rt_locale                               - Undefined Weak Reference
    __sigvec_lookup                           - Undefined Weak Reference
    _atexit_init                              - Undefined Weak Reference
    _call_atexit_fns                          - Undefined Weak Reference
    _clock_init                               - Undefined Weak Reference
    _fp_trap_init                             - Undefined Weak Reference
    _fp_trap_shutdown                         - Undefined Weak Reference
    _get_lc_collate                           - Undefined Weak Reference
    _get_lc_ctype                             - Undefined Weak Reference
    _get_lc_monetary                          - Undefined Weak Reference
    _get_lc_numeric                           - Undefined Weak Reference
    _get_lc_time                              - Undefined Weak Reference
    _getenv_init                              - Undefined Weak Reference
    _handle_redirection                       - Undefined Weak Reference
    _init_alloc                               - Undefined Weak Reference
    _init_user_alloc                          - Undefined Weak Reference
    _initio                                   - Undefined Weak Reference
    _rand_init                                - Undefined Weak Reference
    _signal_finish                            - Undefined Weak Reference
    _signal_init                              - Undefined Weak Reference
    _terminate_alloc                          - Undefined Weak Reference
    _terminate_user_alloc                     - Undefined Weak Reference
    _terminateio                              - Undefined Weak Reference
    __Vectors_End                            0x00000200   Data           0  startup_tm4c129.o(RESET)
    __Vectors_Size                           0x00000200   Number         0  startup_tm4c129.o ABSOLUTE
    __main                                   0x00000201   Thumb Code     8  __main.o(!!!main)
    __scatterload                            0x00000209   Thumb Code     0  __scatter.o(!!!scatter)
    __scatterload_rt2                        0x00000209   Thumb Code    44  __scatter.o(!!!scatter)
    __scatterload_rt2_thumb_only             0x00000209   Thumb Code     0  __scatter.o(!!!scatter)
    __scatterload_null                       0x00000217   Thumb Code     0  __scatter.o(!!!scatter)
    __scatterload_copy                       0x0000023d   Thumb Code    26  __scatter_copy.o(!!handler_copy)
    __scatterload_zeroinit                   0x00000259   Thumb Code    28  __scatter_zi.o(!!handler_zi)
    __rt_lib_init                            0x00000275   Thumb Code     0  libinit.o(.ARM.Collect$$libinit$$00000000)
    __rt_lib_init_fp_1                       0x00000277   Thumb Code     0  libinit2.o(.ARM.Collect$$libinit$$00000001)
    __rt_lib_init_alloca_1                   0x0000027b   Thumb Code     0  libinit2.o(.ARM.Collect$$libinit$$0000002E)
    __rt_lib_init_argv_1                     0x0000027b   Thumb Code     0  libinit2.o(.ARM.Collect$$libinit$$0000002C)
    __rt_lib_init_atexit_1                   0x0000027b   Thumb Code     0  libinit2.o(.ARM.Collect$$libinit$$0000001B)
    __rt_lib_init_clock_1                    0x0000027b   Thumb Code     0  libinit2.o(.ARM.Collect$$libinit$$00000021)
    __rt_lib_init_cpp_1                      0x0000027b   Thumb Code     0  libinit2.o(.ARM.Collect$$libinit$$00000032)
    __rt_lib_init_exceptions_1               0x0000027b   Thumb Code     0  libinit2.o(.ARM.Collect$$libinit$$00000030)
    __rt_lib_init_fp_trap_1                  0x0000027b   Thumb Code     0  libinit2.o(.ARM.Collect$$libinit$$0000001F)
    __rt_lib_init_getenv_1                   0x0000027b   Thumb Code     0  libinit2.o(.ARM.Collect$$libinit$$00000023)
    __rt_lib_init_heap_1                     0x0000027b   Thumb Code     0  libinit2.o(.ARM.Collect$$libinit$$0000000A)
    __rt_lib_init_lc_collate_1               0x0000027b   Thumb Code     0  libinit2.o(.ARM.Collect$$libinit$$00000011)
    __rt_lib_init_lc_ctype_1                 0x0000027b   Thumb Code     0  libinit2.o(.ARM.Collect$$libinit$$00000013)
    __rt_lib_init_lc_monetary_1              0x0000027b   Thumb Code     0  libinit2.o(.ARM.Collect$$libinit$$00000015)
    __rt_lib_init_lc_numeric_1               0x0000027b   Thumb Code     0  libinit2.o(.ARM.Collect$$libinit$$00000017)
    __rt_lib_init_lc_time_1                  0x0000027b   Thumb Code     0  libinit2.o(.ARM.Collect$$libinit$$00000019)
    __rt_lib_init_preinit_1                  0x0000027b   Thumb Code     0  libinit2.o(.ARM.Collect$$libinit$$00000004)
    __rt_lib_init_rand_1                     0x0000027b   Thumb Code     0  libinit2.o(.ARM.Collect$$libinit$$0000000E)
    __rt_lib_init_return                     0x0000027b   Thumb Code     0  libinit2.o(.ARM.Collect$$libinit$$00000033)
    __rt_lib_init_signal_1                   0x0000027b   Thumb Code     0  libinit2.o(.ARM.Collect$$libinit$$0000001D)
    __rt_lib_init_stdio_1                    0x0000027b   Thumb Code     0  libinit2.o(.ARM.Collect$$libinit$$00000025)
    __rt_lib_init_user_alloc_1               0x0000027b   Thumb Code     0  libinit2.o(.ARM.Collect$$libinit$$0000000C)
    __rt_lib_shutdown                        0x0000027d   Thumb Code     0  libshutdown.o(.ARM.Collect$$libshutdown$$00000000)
    __rt_lib_shutdown_cpp_1                  0x0000027f   Thumb Code     0  libshutdown2.o(.ARM.Collect$$libshutdown$$00000002)
    __rt_lib_shutdown_fp_trap_1              0x0000027f   Thumb Code     0  libshutdown2.o(.ARM.Collect$$libshutdown$$00000007)
    __rt_lib_shutdown_heap_1                 0x0000027f   Thumb Code     0  libshutdown2.o(.ARM.Collect$$libshutdown$$0000000F)
    __rt_lib_shutdown_return                 0x0000027f   Thumb Code     0  libshutdown2.o(.ARM.Collect$$libshutdown$$00000010)
    __rt_lib_shutdown_signal_1               0x0000027f   Thumb Code     0  libshutdown2.o(.ARM.Collect$$libshutdown$$0000000A)
    __rt_lib_shutdown_stdio_1                0x0000027f   Thumb Code     0  libshutdown2.o(.ARM.Collect$$libshutdown$$00000004)
    __rt_lib_shutdown_user_alloc_1           0x0000027f   Thumb Code     0  libshutdown2.o(.ARM.Collect$$libshutdown$$0000000C)
    __rt_entry                               0x00000281   Thumb Code     0  __rtentry.o(.ARM.Collect$$rtentry$$00000000)
    __rt_entry_presh_1                       0x00000281   Thumb Code     0  __rtentry2.o(.ARM.Collect$$rtentry$$00000002)
    __rt_entry_sh                            0x00000281   Thumb Code     0  __rtentry4.o(.ARM.Collect$$rtentry$$00000004)
    __rt_entry_li                            0x00000287   Thumb Code     0  __rtentry2.o(.ARM.Collect$$rtentry$$0000000A)
    __rt_entry_postsh_1                      0x00000287   Thumb Code     0  __rtentry2.o(.ARM.Collect$$rtentry$$00000009)
    __rt_entry_main                          0x0000028b   Thumb Code     0  __rtentry2.o(.ARM.Collect$$rtentry$$0000000D)
    __rt_entry_postli_1                      0x0000028b   Thumb Code     0  __rtentry2.o(.ARM.Collect$$rtentry$$0000000C)
    __rt_exit                                0x00000293   Thumb Code     0  rtexit.o(.ARM.Collect$$rtexit$$00000000)
    __rt_exit_ls                             0x00000295   Thumb Code     0  rtexit2.o(.ARM.Collect$$rtexit$$00000003)
    __rt_exit_prels_1                        0x00000295   Thumb Code     0  rtexit2.o(.ARM.Collect$$rtexit$$00000002)
    __rt_exit_exit                           0x00000299   Thumb Code     0  rtexit2.o(.ARM.Collect$$rtexit$$00000004)
    _bzero                                   0x000002a1   Thumb Code     0  stdlib.o(.text)
    _strncpy                                 0x000002bd   Thumb Code     0  stdlib.o(.text)
    _malloc                                  0x000002d9   Thumb Code     0  stdlib.o(.text)
    _free                                    0x000002e9   Thumb Code     0  stdlib.o(.text)
    _alarm                                   0x000002f9   Thumb Code     0  stdlib.o(.text)
    _signal                                  0x00000309   Thumb Code     0  stdlib.o(.text)
    _syscall_table_init                      0x00000319   Thumb Code     0  svc.o(.text)
    _syscall_table_jump                      0x0000033d   Thumb Code     0  svc.o(.text)
    _heap_init                               0x000003a1   Thumb Code     0  heap.o(.text)
    _kalloc                                  0x000003cd   Thumb Code     0  heap.o(.text)
    _kfree                                   0x0000048b   Thumb Code     0  heap.o(.text)
    _timer_init                              0x00000575   Thumb Code     0  timer.o(.text)
    _timer_start                             0x0000058f   Thumb Code     0  timer.o(.text)
    _timer_update                            0x000005b5   Thumb Code     0  timer.o(.text)
    _signal_handler                          0x000005d9   Thumb Code     0  timer.o(.text)
    Reset_Handler                            0x00000605   Thumb Code    42  startup_tm4c129.o(.text)
    NMI_Handler                              0x0000062f   Thumb Code     2  startup_tm4c129.o(.text)
    HardFault_Handler                        0x00000631   Thumb Code     2  startup_tm4c129.o(.text)
    MemManage_Handler                        0x00000633   Thumb Code     2  startup_tm4c129.o(.text)
    BusFault_Handler                         0x00000635   Thumb Code     2  startup_tm4c129.o(.text)
    UsageFault_Handler                       0x00000637   Thumb Code     2  startup_tm4c129.o(.text)
    SVC_Handler                              0x00000639   Thumb Code    18  startup_tm4c129.o(.text)
    DebugMon_Handler                         0x0000064b   Thumb Code     2  startup_tm4c129.o(.text)
    PendSV_Handler                           0x0000064d   Thumb Code     2  startup_tm4c129.o(.text)
    SysTick_Handler                          0x0000064f   Thumb Code    18  startup_tm4c129.o(.text)
    GPIOA_Handler                            0x00000661   Thumb Code     2  startup_tm4c129.o(.text)
    GPIOB_Handler                            0x00000663   Thumb Code     2  startup_tm4c129.o(.text)
    GPIOC_Handler                            0x00000665   Thumb Code     2  startup_tm4c129.o(.text)
    GPIOD_Handler                            0x00000667   Thumb Code     2  startup_tm4c129.o(.text)
    GPIOE_Handler                            0x00000669   Thumb Code     2  startup_tm4c129.o(.text)
    UART0_Handler                            0x0000066b   Thumb Code     2  startup_tm4c129.o(.text)
    UART1_Handler                            0x0000066d   Thumb Code     2  startup_tm4c129.o(.text)
    SSI0_Handler                             0x0000066f   Thumb Code     2  startup_tm4c129.o(.text)
    I2C0_Handler                             0x00000671   Thumb Code     2  startup_tm4c129.o(.text)
    PMW0_FAULT_Handler                       0x00000673   Thumb Code     2  startup_tm4c129.o(.text)
    PWM0_0_Handler                           0x00000675   Thumb Code     2  startup_tm4c129.o(.text)
    PWM0_1_Handler                           0x00000677   Thumb Code     2  startup_tm4c129.o(.text)
    PWM0_2_Handler                           0x00000679   Thumb Code     2  startup_tm4c129.o(.text)
    QEI0_Handler                             0x0000067b   Thumb Code     2  startup_tm4c129.o(.text)
    ADC0SS0_Handler                          0x0000067d   Thumb Code     2  startup_tm4c129.o(.text)
    ADC0SS1_Handler                          0x0000067f   Thumb Code     2  startup_tm4c129.o(.text)
    ADC0SS2_Handler                          0x00000681   Thumb Code     2  startup_tm4c129.o(.text)
    ADC0SS3_Handler                          0x00000683   Thumb Code     2  startup_tm4c129.o(.text)
    WDT0_Handler                             0x00000685   Thumb Code     2  startup_tm4c129.o(.text)
    TIMER0A_Handler                          0x00000687   Thumb Code     2  startup_tm4c129.o(.text)
    TIMER0B_Handler                          0x00000689   Thumb Code     2  startup_tm4c129.o(.text)
    TIMER1A_Handler                          0x0000068b   Thumb Code     2  startup_tm4c129.o(.text)
    TIMER1B_Handler                          0x0000068d   Thumb Code     2  startup_tm4c129.o(.text)
    TIMER2A_Handler                          0x0000068f   Thumb Code     2  startup_tm4c129.o(.text)
    TIMER2B_Handler                          0x00000691   Thumb Code     2  startup_tm4c129.o(.text)
    COMP0_Handler                            0x00000693   Thumb Code     2  startup_tm4c129.o(.text)
    COMP1_Handler                            0x00000695   Thumb Code     2  startup_tm4c129.o(.text)
    COMP2_Handler                            0x00000697   Thumb Code     2  startup_tm4c129.o(.text)
    SYSCTL_Handler                           0x00000699   Thumb Code     2  startup_tm4c129.o(.text)
    FLASH_Handler                            0x0000069b   Thumb Code     2  startup_tm4c129.o(.text)
    GPIOF_Handler                            0x0000069d   Thumb Code     2  startup_tm4c129.o(.text)
    GPIOG_Handler                            0x0000069f   Thumb Code     2  startup_tm4c129.o(.text)
    GPIOH_Handler                            0x000006a1   Thumb Code     2  startup_tm4c129.o(.text)
    UART2_Handler                            0x000006a3   Thumb Code     2  startup_tm4c129.o(.text)
    SSI1_Handler                             0x000006a5   Thumb Code     2  startup_tm4c129.o(.text)
    TIMER3A_Handler                          0x000006a7   Thumb Code     2  startup_tm4c129.o(.text)
    TIMER3B_Handler                          0x000006a9   Thumb Code     2  startup_tm4c129.o(.text)
    I2C1_Handler                             0x000006ab   Thumb Code     2  startup_tm4c129.o(.text)
    CAN0_Handler                             0x000006ad   Thumb Code     2  startup_tm4c129.o(.text)
    CAN1_Handler                             0x000006af   Thumb Code     2  startup_tm4c129.o(.text)
    ETH_Handler                              0x000006b1   Thumb Code     2  startup_tm4c129.o(.text)
    HIB_Handler                              0x000006b3   Thumb Code     2  startup_tm4c129.o(.text)
    USB0_Handler                             0x000006b5   Thumb Code     2  startup_tm4c129.o(.text)
    PWM0_3_Handler                           0x000006b7   Thumb Code     2  startup_tm4c129.o(.text)
    UDMA_Handler                             0x000006b9   Thumb Code     2  startup_tm4c129.o(.text)
    UDMAERR_Handler                          0x000006bb   Thumb Code     2  startup_tm4c129.o(.text)
    ADC1SS0_Handler                          0x000006bd   Thumb Code     2  startup_tm4c129.o(.text)
    ADC1SS1_Handler                          0x000006bf   Thumb Code     2  startup_tm4c129.o(.text)
    ADC1SS2_Handler                          0x000006c1   Thumb Code     2  startup_tm4c129.o(.text)
    ADC1SS3_Handler                          0x000006c3   Thumb Code     2  startup_tm4c129.o(.text)
    EBI0_Handler                             0x000006c5   Thumb Code     2  startup_tm4c129.o(.text)
    GPIOJ_Handler                            0x000006c7   Thumb Code     2  startup_tm4c129.o(.text)
    GPIOK_Handler                            0x000006c9   Thumb Code     2  startup_tm4c129.o(.text)
    GPIOL_Handler                            0x000006cb   Thumb Code     2  startup_tm4c129.o(.text)
    SSI2_Handler                             0x000006cd   Thumb Code     2  startup_tm4c129.o(.text)
    SSI3_Handler                             0x000006cf   Thumb Code     2  startup_tm4c129.o(.text)
    UART3_Handler                            0x000006d1   Thumb Code     2  startup_tm4c129.o(.text)
    UART4_Handler                            0x000006d3   Thumb Code     2  startup_tm4c129.o(.text)
    UART5_Handler                            0x000006d5   Thumb Code     2  startup_tm4c129.o(.text)
    UART6_Handler                            0x000006d7   Thumb Code     2  startup_tm4c129.o(.text)
    UART7_Handler                            0x000006d9   Thumb Code     2  startup_tm4c129.o(.text)
    I2C2_Handler                             0x000006db   Thumb Code     2  startup_tm4c129.o(.text)
    I2C3_Handler                             0x000006dd   Thumb Code     2  startup_tm4c129.o(.text)
    TIMER4A_Handler                          0x000006df   Thumb Code     2  startup_tm4c129.o(.text)
    TIMER4B_Handler                          0x000006e1   Thumb Code     2  startup_tm4c129.o(.text)
    TIMER5A_Handler                          0x000006e3   Thumb Code     2  startup_tm4c129.o(.text)
    TIMER5B_Handler                          0x000006e5   Thumb Code     2  startup_tm4c129.o(.text)
    WTIMER0A_Handler                         0x000006e7   Thumb Code     2  startup_tm4c129.o(.text)
    WTIMER0B_Handler                         0x000006e9   Thumb Code     2  startup_tm4c129.o(.text)
    WTIMER1A_Handler                         0x000006eb   Thumb Code     2  startup_tm4c129.o(.text)
    WTIMER1B_Handler                         0x000006ed   Thumb Code     2  startup_tm4c129.o(.text)
    WTIMER2A_Handler                         0x000006ef   Thumb Code     2  startup_tm4c129.o(.text)
    WTIMER2B_Handler                         0x000006f1   Thumb Code     2  startup_tm4c129.o(.text)
    WTIMER3A_Handler                         0x000006f3   Thumb Code     2  startup_tm4c129.o(.text)
    WTIMER3B_Handler                         0x000006f5   Thumb Code     2  startup_tm4c129.o(.text)
    WTIMER4A_Handler                         0x000006f7   Thumb Code     2  startup_tm4c129.o(.text)
    WTIMER4B_Handler                         0x000006f9   Thumb Code     2  startup_tm4c129.o(.text)
    WTIMER5A_Handler                         0x000006fb   Thumb Code     2  startup_tm4c129.o(.text)
    WTIMER5B_Handler                         0x000006fd   Thumb Code     2  startup_tm4c129.o(.text)
    FPU_Handler                              0x000006ff   Thumb Code     2  startup_tm4c129.o(.text)
    I2C4_Handler                             0x00000701   Thumb Code     2  startup_tm4c129.o(.text)
    I2C5_Handler                             0x00000703   Thumb Code     2  startup_tm4c129.o(.text)
    GPIOM_Handler                            0x00000705   Thumb Code     2  startup_tm4c129.o(.text)
    GPION_Handler                            0x00000707   Thumb Code     2  startup_tm4c129.o(.text)
    TAMPER_Handler                           0x00000709   Thumb Code     2  startup_tm4c129.o(.text)
    GPIOP0_Handler                           0x0000070b   Thumb Code     2  startup_tm4c129.o(.text)
    GPIOP1_Handler                           0x0000070d   Thumb Code     2  startup_tm4c129.o(.text)
    GPIOP2_Handler                           0x0000070f   Thumb Code     2  startup_tm4c129.o(.text)
    GPIOP3_Handler                           0x00000711   Thumb Code     2  startup_tm4c129.o(.text)
    GPIOP4_Handler                           0x00000713   Thumb Code     2  startup_tm4c129.o(.text)
    GPIOP5_Handler                           0x00000715   Thumb Code     2  startup_tm4c129.o(.text)
    GPIOP6_Handler                           0x00000717   Thumb Code     2  startup_tm4c129.o(.text)
    GPIOP7_Handler                           0x00000719   Thumb Code     2  startup_tm4c129.o(.text)
    GPIOQ0_Handler                           0x0000071b   Thumb Code     2  startup_tm4c129.o(.text)
    GPIOQ1_Handler                           0x0000071d   Thumb Code     2  startup_tm4c129.o(.text)
    GPIOQ2_Handler                           0x0000071f   Thumb Code     2  startup_tm4c129.o(.text)
    GPIOQ3_Handler                           0x00000721   Thumb Code     2  startup_tm4c129.o(.text)
    GPIOQ4_Handler                           0x00000723   Thumb Code     2  startup_tm4c129.o(.text)
    GPIOQ5_Handler                           0x00000725   Thumb Code     2  startup_tm4c129.o(.text)
    GPIOQ6_Handler                           0x00000727   Thumb Code     2  startup_tm4c129.o(.text)
    GPIOQ7_Handler                           0x00000729   Thumb Code     2  startup_tm4c129.o(.text)
    GPIOR_Handler                            0x0000072b   Thumb Code     2  startup_tm4c129.o(.text)
    GPIOS_Handler                            0x0000072d   Thumb Code     2  startup_tm4c129.o(.text)
    SHAMD5_Handler                           0x0000072f   Thumb Code     2  startup_tm4c129.o(.text)
    AES_Handler                              0x00000731   Thumb Code     2  startup_tm4c129.o(.text)
    DES3DES_Handler                          0x00000733   Thumb Code     2  startup_tm4c129.o(.text)
    LCDCONTROLLER_Handler                    0x00000735   Thumb Code     2  startup_tm4c129.o(.text)
    TIMER6A_Handler                          0x00000737   Thumb Code     2  startup_tm4c129.o(.text)
    TIMER6B_Handler                          0x00000739   Thumb Code     2  startup_tm4c129.o(.text)
    TIMER7A_Handler                          0x0000073b   Thumb Code     2  startup_tm4c129.o(.text)
    TIMER7B_Handler                          0x0000073d   Thumb Code     2  startup_tm4c129.o(.text)
    I2C6_Handler                             0x0000073f   Thumb Code     2  startup_tm4c129.o(.text)
    I2C7_Handler                             0x00000741   Thumb Code     2  startup_tm4c129.o(.text)
    HIMSCANKEYBOARD_Handler                  0x00000743   Thumb Code     2  startup_tm4c129.o(.text)
    ONEWIRE_Handler                          0x00000745   Thumb Code     2  startup_tm4c129.o(.text)
    HIMPS2_Handler                           0x00000747   Thumb Code     2  startup_tm4c129.o(.text)
    HIMLEDSEQUENCER_Handler                  0x00000749   Thumb Code     2  startup_tm4c129.o(.text)
    HIMCONSUMERIR_Handler                    0x0000074b   Thumb Code     2  startup_tm4c129.o(.text)
    I2C8_Handler                             0x0000074d   Thumb Code     2  startup_tm4c129.o(.text)
    I2C9_Handler                             0x0000074f   Thumb Code     2  startup_tm4c129.o(.text)
    GPIOT_Handler                            0x00000751   Thumb Code     2  startup_tm4c129.o(.text)
    __user_initial_stackheap                 0x00000755   Thumb Code     0  startup_tm4c129.o(.text)
    __aeabi_memcpy4                          0x00000795   Thumb Code     0  rt_memcpy_w.o(.text)
    __aeabi_memcpy8                          0x00000795   Thumb Code     0  rt_memcpy_w.o(.text)
    __rt_memcpy_w                            0x00000795   Thumb Code   100  rt_memcpy_w.o(.text)
    _memcpy_lastbytes_aligned                0x000007dd   Thumb Code     0  rt_memcpy_w.o(.text)
    __use_two_region_memory                  0x000007f9   Thumb Code     2  heapauxi.o(.text)
    __rt_heap_escrow$2region                 0x000007fb   Thumb Code     2  heapauxi.o(.text)
    __rt_heap_expand$2region                 0x000007fd   Thumb Code     2  heapauxi.o(.text)
    __user_setup_stackheap                   0x000007ff   Thumb Code    74  sys_stackheap_outer.o(.text)
    exit                                     0x00000849   Thumb Code    18  exit.o(.text)
    __user_libspace                          0x0000085d   Thumb Code     8  libspace.o(.text)
    __user_perproc_libspace                  0x0000085d   Thumb Code     0  libspace.o(.text)
    __user_perthread_libspace                0x0000085d   Thumb Code     0  libspace.o(.text)
    _sys_exit                                0x00000865   Thumb Code     8  sys_exit.o(.text)
    __I$use$semihosting                      0x00000871   Thumb Code     0  use_no_semi.o(.text)
    __use_no_semihosting_swi                 0x00000871   Thumb Code     2  use_no_semi.o(.text)
    __semihosting_library_function           0x00000873   Thumb Code     0  indicate_semi.o(.text)
    SystemInit                               0x00000875   Thumb Code    20  system_tm4c129.o(i.SystemInit)
    main                                     0x00000895   Thumb Code   270  main.o(i.main)
    sig_handler1                             0x000009d9   Thumb Code    10  main.o(i.sig_handler1)
    sig_handler2                             0x000009e9   Thumb Code    10  main.o(i.sig_handler2)
    _fp_init                                 0x000009f9   Thumb Code    10  fpinit.o(x$fpl$fpinit)
    __fplib_config_fpu_vfp                   0x00000a01   Thumb Code     0  fpinit.o(x$fpl$fpinit)
    __fplib_config_pureend_doubles           0x00000a01   Thumb Code     0  fpinit.o(x$fpl$fpinit)
    Region$$Table$$Base                      0x00000a04   Number         0  anon$$obj.o(Region$$Table)
    Region$$Table$$Limit                     0x00000a24   Number         0  anon$$obj.o(Region$$Table)
    alarmed                                  0x20000000   Data           4  main.o(.data)
    SystemCoreClock                          0x20000004   Data           4  system_tm4c129.o(.data)
    __libspace_start                         0x20000008   Data          96  libspace.o(.bss)
    __temporary_stack_top$libspace           0x20000068   Data           0  libspace.o(.bss)



==============================================================================

Memory Map of the image

  Image Entry point : 0x00000605

  Load Region LR_1 (Base: 0x00000000, Size: 0x00000a2c, Max: 0xffffffff, ABSOLUTE)

    Execution Region ER_RO (Exec base: 0x00000000, Load base: 0x00000000, Size: 0x00000a24, Max: 0xffffffff, ABSOLUTE)

    Exec Addr    Load Addr    Size         Type   Attr      Idx    E Section Name        Object

    0x00000000   0x00000000   0x00000200   Data   RO           45    RESET               startup_tm4c129.o
    0x00000200   0x00000200   0x00000008   Code   RO          114  * !!!main             c_w.l(__main.o)
    0x00000208   0x00000208   0x00000034   Code   RO          271    !!!scatter          c_w.l(__scatter.o)
    0x0000023c   0x0000023c   0x0000001a   Code   RO          273    !!handler_copy      c_w.l(__scatter_copy.o)
    0x00000256   0x00000256   0x00000002   PAD
    0x00000258   0x00000258   0x0000001c   Code   RO          275    !!handler_zi        c_w.l(__scatter_zi.o)
    0x00000274   0x00000274   0x00000002   Code   RO          141    .ARM.Collect$$libinit$$00000000  c_w.l(libinit.o)
    0x00000276   0x00000276   0x00000004   Code   RO          147    .ARM.Collect$$libinit$$00000001  c_w.l(libinit2.o)
    0x0000027a   0x0000027a   0x00000000   Code   RO          150    .ARM.Collect$$libinit$$00000004  c_w.l(libinit2.o)
    0x0000027a   0x0000027a   0x00000000   Code   RO          153    .ARM.Collect$$libinit$$0000000A  c_w.l(libinit2.o)
    0x0000027a   0x0000027a   0x00000000   Code   RO          155    .ARM.Collect$$libinit$$0000000C  c_w.l(libinit2.o)
    0x0000027a   0x0000027a   0x00000000   Code   RO          157    .ARM.Collect$$libinit$$0000000E  c_w.l(libinit2.o)
    0x0000027a   0x0000027a   0x00000000   Code   RO          160    .ARM.Collect$$libinit$$00000011  c_w.l(libinit2.o)
    0x0000027a   0x0000027a   0x00000000   Code   RO          162    .ARM.Collect$$libinit$$00000013  c_w.l(libinit2.o)
    0x0000027a   0x0000027a   0x00000000   Code   RO          164    .ARM.Collect$$libinit$$00000015  c_w.l(libinit2.o)
    0x0000027a   0x0000027a   0x00000000   Code   RO          166    .ARM.Collect$$libinit$$00000017  c_w.l(libinit2.o)
    0x0000027a   0x0000027a   0x00000000   Code   RO          168    .ARM.Collect$$libinit$$00000019  c_w.l(libinit2.o)
    0x0000027a   0x0000027a   0x00000000   Code   RO          170    .ARM.Collect$$libinit$$0000001B  c_w.l(libinit2.o)
    0x0000027a   0x0000027a   0x00000000   Code   RO          172    .ARM.Collect$$libinit$$0000001D  c_w.l(libinit2.o)
    0x0000027a   0x0000027a   0x00000000   Code   RO          174    .ARM.Collect$$libinit$$0000001F  c_w.l(libinit2.o)
    0x0000027a   0x0000027a   0x00000000   Code   RO          176    .ARM.Collect$$libinit$$00000021  c_w.l(libinit2.o)
    0x0000027a   0x0000027a   0x00000000   Code   RO          178    .ARM.Collect$$libinit$$00000023  c_w.l(libinit2.o)
    0x0000027a   0x0000027a   0x00000000   Code   RO          180    .ARM.Collect$$libinit$$00000025  c_w.l(libinit2.o)
    0x0000027a   0x0000027a   0x00000000   Code   RO          184    .ARM.Collect$$libinit$$0000002C  c_w.l(libinit2.o)
    0x0000027a   0x0000027a   0x00000000   Code   RO          186    .ARM.Collect$$libinit$$0000002E  c_w.l(libinit2.o)
    0x0000027a   0x0000027a   0x00000000   Code   RO          188    .ARM.Collect$$libinit$$00000030  c_w.l(libinit2.o)
    0x0000027a   0x0000027a   0x00000000   Code   RO          190    .ARM.Collect$$libinit$$00000032  c_w.l(libinit2.o)
    0x0000027a   0x0000027a   0x00000002   Code   RO          191    .ARM.Collect$$libinit$$00000033  c_w.l(libinit2.o)
    0x0000027c   0x0000027c   0x00000002   Code   RO          211    .ARM.Collect$$libshutdown$$00000000  c_w.l(libshutdown.o)
    0x0000027e   0x0000027e   0x00000000   Code   RO          224    .ARM.Collect$$libshutdown$$00000002  c_w.l(libshutdown2.o)
    0x0000027e   0x0000027e   0x00000000   Code   RO          226    .ARM.Collect$$libshutdown$$00000004  c_w.l(libshutdown2.o)
    0x0000027e   0x0000027e   0x00000000   Code   RO          229    .ARM.Collect$$libshutdown$$00000007  c_w.l(libshutdown2.o)
    0x0000027e   0x0000027e   0x00000000   Code   RO          232    .ARM.Collect$$libshutdown$$0000000A  c_w.l(libshutdown2.o)
    0x0000027e   0x0000027e   0x00000000   Code   RO          234    .ARM.Collect$$libshutdown$$0000000C  c_w.l(libshutdown2.o)
    0x0000027e   0x0000027e   0x00000000   Code   RO          237    .ARM.Collect$$libshutdown$$0000000F  c_w.l(libshutdown2.o)
    0x0000027e   0x0000027e   0x00000002   Code   RO          238    .ARM.Collect$$libshutdown$$00000010  c_w.l(libshutdown2.o)
    0x00000280   0x00000280   0x00000000   Code   RO          116    .ARM.Collect$$rtentry$$00000000  c_w.l(__rtentry.o)
    0x00000280   0x00000280   0x00000000   Code   RO          118    .ARM.Collect$$rtentry$$00000002  c_w.l(__rtentry2.o)
    0x00000280   0x00000280   0x00000006   Code   RO          130    .ARM.Collect$$rtentry$$00000004  c_w.l(__rtentry4.o)
    0x00000286   0x00000286   0x00000000   Code   RO          120    .ARM.Collect$$rtentry$$00000009  c_w.l(__rtentry2.o)
    0x00000286   0x00000286   0x00000004   Code   RO          121    .ARM.Collect$$rtentry$$0000000A  c_w.l(__rtentry2.o)
    0x0000028a   0x0000028a   0x00000000   Code   RO          123    .ARM.Collect$$rtentry$$0000000C  c_w.l(__rtentry2.o)
    0x0000028a   0x0000028a   0x00000008   Code   RO          124    .ARM.Collect$$rtentry$$0000000D  c_w.l(__rtentry2.o)
    0x00000292   0x00000292   0x00000002   Code   RO          145    .ARM.Collect$$rtexit$$00000000  c_w.l(rtexit.o)
    0x00000294   0x00000294   0x00000000   Code   RO          193    .ARM.Collect$$rtexit$$00000002  c_w.l(rtexit2.o)
    0x00000294   0x00000294   0x00000004   Code   RO          194    .ARM.Collect$$rtexit$$00000003  c_w.l(rtexit2.o)
    0x00000298   0x00000298   0x00000006   Code   RO          195    .ARM.Collect$$rtexit$$00000004  c_w.l(rtexit2.o)
    0x0000029e   0x0000029e   0x00000002   PAD
    0x000002a0   0x000002a0   0x00000078   Code   RO           30    .text               stdlib.o
    0x00000318   0x00000318   0x00000088   Code   RO           34    .text               svc.o
    0x000003a0   0x000003a0   0x000001d4   Code   RO           37    .text               heap.o
    0x00000574   0x00000574   0x00000090   Code   RO           40    .text               timer.o
    0x00000604   0x00000604   0x00000190   Code   RO           46  * .text               startup_tm4c129.o
    0x00000794   0x00000794   0x00000064   Code   RO          110    .text               c_w.l(rt_memcpy_w.o)
    0x000007f8   0x000007f8   0x00000006   Code   RO          112    .text               c_w.l(heapauxi.o)
    0x000007fe   0x000007fe   0x0000004a   Code   RO          132    .text               c_w.l(sys_stackheap_outer.o)
    0x00000848   0x00000848   0x00000012   Code   RO          134    .text               c_w.l(exit.o)
    0x0000085a   0x0000085a   0x00000002   PAD
    0x0000085c   0x0000085c   0x00000008   Code   RO          142    .text               c_w.l(libspace.o)
    0x00000864   0x00000864   0x0000000c   Code   RO          203    .text               c_w.l(sys_exit.o)
    0x00000870   0x00000870   0x00000002   Code   RO          214    .text               c_w.l(use_no_semi.o)
    0x00000872   0x00000872   0x00000000   Code   RO          216    .text               c_w.l(indicate_semi.o)
    0x00000872   0x00000872   0x00000002   PAD
    0x00000874   0x00000874   0x00000020   Code   RO           54    i.SystemInit        system_tm4c129.o
    0x00000894   0x00000894   0x00000144   Code   RO            1    i.main              main.o
    0x000009d8   0x000009d8   0x00000010   Code   RO            2    i.sig_handler1      main.o
    0x000009e8   0x000009e8   0x00000010   Code   RO            3    i.sig_handler2      main.o
    0x000009f8   0x000009f8   0x0000000a   Code   RO          201    x$fpl$fpinit        fz_wm.l(fpinit.o)
    0x00000a02   0x00000a02   0x00000002   PAD
    0x00000a04   0x00000a04   0x00000020   Data   RO          269    Region$$Table       anon$$obj.o


    Execution Region ER_RW (Exec base: 0x20000000, Load base: 0x00000a24, Size: 0x00000008, Max: 0xffffffff, ABSOLUTE)

    Exec Addr    Load Addr    Size         Type   Attr      Idx    E Section Name        Object

    0x20000000   0x00000a24   0x00000004   Data   RW            4    .data               main.o
    0x20000004   0x00000a28   0x00000004   Data   RW           55    .data               system_tm4c129.o


    Execution Region ER_ZI (Exec base: 0x20000008, Load base: 0x00000a2c, Size: 0x00006060, Max: 0xffffffff, ABSOLUTE)

    Exec Addr    Load Addr    Size         Type   Attr      Idx    E Section Name        Object

    0x20000008        -       0x00000060   Zero   RW          143    .bss                c_w.l(libspace.o)
    0x20000068        -       0x00005000   Zero   RW           43    HEAP                startup_tm4c129.o
    0x20005068        -       0x00001000   Zero   RW           44    STACK               startup_tm4c129.o


==============================================================================

Image component sizes


      Code (inc. data)   RO Data    RW Data    ZI Data      Debug   Object Name

       468         14          0          0          0        348   heap.o
       356         66          0          4          0       3455   main.o
       400         56        512          0      24576       6052   startup_tm4c129.o
       120          0          0          0          0        280   stdlib.o
       136         20          0          0          0        236   svc.o
        32         12          0          4          0       3799   system_tm4c129.o
       144         22          0          0          0        252   timer.o

    ----------------------------------------------------------------------
      1656        190        544          8      24576      14422   Object Totals
         0          0         32          0          0          0   (incl. Generated)
         0          0          0          0          0          0   (incl. Padding)

    ----------------------------------------------------------------------

      Code (inc. data)   RO Data    RW Data    ZI Data      Debug   Library Member Name

         8          0          0          0          0         68   __main.o
         0          0          0          0          0          0   __rtentry.o
        12          0          0          0          0          0   __rtentry2.o
         6          0          0          0          0          0   __rtentry4.o
        52          8          0          0          0          0   __scatter.o
        26          0          0          0          0          0   __scatter_copy.o
        28          0          0          0          0          0   __scatter_zi.o
        18          0          0          0          0         80   exit.o
         6          0          0          0          0        152   heapauxi.o
         0          0          0          0          0          0   indicate_semi.o
         2          0          0          0          0          0   libinit.o
         6          0          0          0          0          0   libinit2.o
         2          0          0          0          0          0   libshutdown.o
         2          0          0          0          0          0   libshutdown2.o
         8          4          0          0         96         68   libspace.o
       100          0          0          0          0         80   rt_memcpy_w.o
         2          0          0          0          0          0   rtexit.o
        10          0          0          0          0          0   rtexit2.o
        12          4          0          0          0         68   sys_exit.o
        74          0          0          0          0         80   sys_stackheap_outer.o
         2          0          0          0          0         68   use_no_semi.o
        10          0          0          0          0        116   fpinit.o

    ----------------------------------------------------------------------
       396         16          0          0         96        780   Library Totals
        10          0          0          0          0          0   (incl. Padding)

    ----------------------------------------------------------------------

      Code (inc. data)   RO Data    RW Data    ZI Data      Debug   Library Name

       376         16          0          0         96        664   c_w.l
        10          0          0          0          0        116   fz_wm.l

    ----------------------------------------------------------------------
       396         16          0          0         96        780   Library Totals

    ----------------------------------------------------------------------

==============================================================================


      Code (inc. data)   RO Data    RW Data    ZI Data      Debug   

      2052        206        544          8      24672      14894   Grand Totals
      2052        206        544          8      24672      14894   ELF Image Totals
      2052        206        544          8          0          0   ROM Totals

==============================================================================

    Total RO  Size (Code + RO Data)                 2596 (   2.54kB)
    Total RW  Size (RW Data + ZI Data)             24680 (  24.10kB)
    Total ROM Size (Code + RO Data + RW Data)       2604 (   2.54kB)

==============================================================================

